Command line invocation:
    /Applications/Xcode.app/Contents/Developer/usr/bin/xcodebuild build-for-testing -project DreamTracker.xcodeproj -scheme DreamTracker -destination "platform=iOS Simulator,name=iPhone 17"

ComputePackagePrebuildTargetDependencyGraph

Prepare packages

CreateBuildRequest

SendProjectDescription

CreateBuildOperation

ComputeTargetDependencyGraph
note: Building targets in dependency order
note: Target dependency graph (2 targets)
    Target 'DreamTrackerTests' in project 'DreamTracker'
        ➜ Explicit dependency on target 'DreamTracker' in project 'DreamTracker'
    Target 'DreamTracker' in project 'DreamTracker' (no dependencies)

GatherProvisioningInputs

CreateBuildDescription

ExecuteExternalTool /Applications/Xcode.app/Contents/Developer/Toolchains/XcodeDefault.xctoolchain/usr/bin/swiftc --version

ExecuteExternalTool /Applications/Xcode.app/Contents/Developer/Toolchains/XcodeDefault.xctoolchain/usr/bin/clang -v -E -dM -isysroot /Applications/Xcode.app/Contents/Developer/Platforms/iPhoneSimulator.platform/Developer/SDKs/iPhoneSimulator26.5.sdk -x c -c /dev/null

ExecuteExternalTool /Applications/Xcode.app/Contents/Developer/Toolchains/XcodeDefault.xctoolchain/usr/bin/ld -version_details

Build description signature: e8a56b394db2a1ec8c344cc38c9b363a
Build description path: /Users/vishalsingh/Library/Developer/Xcode/DerivedData/DreamTracker-hhnzjnxzhexqhlfqcwkxukogzanl/Build/Intermediates.noindex/XCBuildData/e8a56b394db2a1ec8c344cc38c9b363a.xcbuilddata
ClangStatCache /Applications/Xcode.app/Contents/Developer/Toolchains/XcodeDefault.xctoolchain/usr/bin/clang-stat-cache /Applications/Xcode.app/Contents/Developer/Platforms/iPhoneSimulator.platform/Developer/SDKs/iPhoneSimulator26.5.sdk /Users/vishalsingh/Library/Developer/Xcode/DerivedData/SDKStatCaches.noindex/iphonesimulator26.5-23F73-6cfe768891a92b912361537c460fe42b.sdkstatcache
    cd /Users/vishalsingh/teamwork_projects/dream_tracker/DreamTracker.xcodeproj
    /Applications/Xcode.app/Contents/Developer/Toolchains/XcodeDefault.xctoolchain/usr/bin/clang-stat-cache /Applications/Xcode.app/Contents/Developer/Platforms/iPhoneSimulator.platform/Developer/SDKs/iPhoneSimulator26.5.sdk -o /Users/vishalsingh/Library/Developer/Xcode/DerivedData/SDKStatCaches.noindex/iphonesimulator26.5-23F73-6cfe768891a92b912361537c460fe42b.sdkstatcache

ProcessInfoPlistFile /Users/vishalsingh/Library/Developer/Xcode/DerivedData/DreamTracker-hhnzjnxzhexqhlfqcwkxukogzanl/Build/Products/Debug-iphonesimulator/DreamTracker.app/Info.plist /Users/vishalsingh/teamwork_projects/dream_tracker/DreamTracker/Configuration/Info.plist (in target 'DreamTracker' from project 'DreamTracker')
    cd /Users/vishalsingh/teamwork_projects/dream_tracker
    builtin-infoPlistUtility /Users/vishalsingh/teamwork_projects/dream_tracker/DreamTracker/Configuration/Info.plist -producttype com.apple.product-type.application -genpkginfo /Users/vishalsingh/Library/Developer/Xcode/DerivedData/DreamTracker-hhnzjnxzhexqhlfqcwkxukogzanl/Build/Products/Debug-iphonesimulator/DreamTracker.app/PkgInfo -expandbuildsettings -format binary -platform iphonesimulator -o /Users/vishalsingh/Library/Developer/Xcode/DerivedData/DreamTracker-hhnzjnxzhexqhlfqcwkxukogzanl/Build/Products/Debug-iphonesimulator/DreamTracker.app/Info.plist

SwiftDriver DreamTracker normal arm64 com.apple.xcode.tools.swift.compiler (in target 'DreamTracker' from project 'DreamTracker')
    cd /Users/vishalsingh/teamwork_projects/dream_tracker
    builtin-SwiftDriver -- /Applications/Xcode.app/Contents/Developer/Toolchains/XcodeDefault.xctoolchain/usr/bin/swiftc -module-name DreamTracker -Onone @/Users/vishalsingh/Library/Developer/Xcode/DerivedData/DreamTracker-hhnzjnxzhexqhlfqcwkxukogzanl/Build/Intermediates.noindex/DreamTracker.build/Debug-iphonesimulator/DreamTracker.build/Objects-normal/arm64/DreamTracker.SwiftFileList -DDEBUG -enable-bare-slash-regex -enable-experimental-feature DebugDescriptionMacro -sdk /Applications/Xcode.app/Contents/Developer/Platforms/iPhoneSimulator.platform/Developer/SDKs/iPhoneSimulator26.5.sdk -target arm64-apple-ios16.0-simulator -g -module-cache-path /Users/vishalsingh/Library/Developer/Xcode/DerivedData/ModuleCache.noindex -Xfrontend -serialize-debugging-options -enable-testing -index-store-path /Users/vishalsingh/Library/Developer/Xcode/DerivedData/DreamTracker-hhnzjnxzhexqhlfqcwkxukogzanl/Index.noindex/DataStore -Xcc -D_LIBCPP_HARDENING_MODE\=_LIBCPP_HARDENING_MODE_DEBUG -swift-version 5 -I /Users/vishalsingh/Library/Developer/Xcode/DerivedData/DreamTracker-hhnzjnxzhexqhlfqcwkxukogzanl/Build/Products/Debug-iphonesimulator -F /Users/vishalsingh/Library/Developer/Xcode/DerivedData/DreamTracker-hhnzjnxzhexqhlfqcwkxukogzanl/Build/Products/Debug-iphonesimulator -emit-localized-strings -emit-localized-strings-path /Users/vishalsingh/Library/Developer/Xcode/DerivedData/DreamTracker-hhnzjnxzhexqhlfqcwkxukogzanl/Build/Intermediates.noindex/DreamTracker.build/Debug-iphonesimulator/DreamTracker.build/Objects-normal/arm64 -c -j8 -enable-batch-mode -incremental -Xcc -ivfsstatcache -Xcc /Users/vishalsingh/Library/Developer/Xcode/DerivedData/SDKStatCaches.noindex/iphonesimulator26.5-23F73-6cfe768891a92b912361537c460fe42b.sdkstatcache -output-file-map /Users/vishalsingh/Library/Developer/Xcode/DerivedData/DreamTracker-hhnzjnxzhexqhlfqcwkxukogzanl/Build/Intermediates.noindex/DreamTracker.build/Debug-iphonesimulator/DreamTracker.build/Objects-normal/arm64/DreamTracker-OutputFileMap.json -use-frontend-parseable-output -save-temps -no-color-diagnostics -explicit-module-build -module-cache-path /Users/vishalsingh/Library/Developer/Xcode/DerivedData/DreamTracker-hhnzjnxzhexqhlfqcwkxukogzanl/Build/Intermediates.noindex/SwiftExplicitPrecompiledModules -clang-scanner-module-cache-path /Users/vishalsingh/Library/Developer/Xcode/DerivedData/ModuleCache.noindex -sdk-module-cache-path /Users/vishalsingh/Library/Developer/Xcode/DerivedData/ModuleCache.noindex -serialize-diagnostics -emit-dependencies -emit-module -emit-module-path /Users/vishalsingh/Library/Developer/Xcode/DerivedData/DreamTracker-hhnzjnxzhexqhlfqcwkxukogzanl/Build/Intermediates.noindex/DreamTracker.build/Debug-iphonesimulator/DreamTracker.build/Objects-normal/arm64/DreamTracker.swiftmodule -validate-clang-modules-once -clang-build-session-file /Users/vishalsingh/Library/Developer/Xcode/DerivedData/ModuleCache.noindex/Session.modulevalidation -Xcc -I/Users/vishalsingh/Library/Developer/Xcode/DerivedData/DreamTracker-hhnzjnxzhexqhlfqcwkxukogzanl/Build/Intermediates.noindex/DreamTracker.build/Debug-iphonesimulator/DreamTracker.build/swift-overrides.hmap -emit-const-values -Xfrontend -const-gather-protocols-file -Xfrontend /Users/vishalsingh/Library/Developer/Xcode/DerivedData/DreamTracker-hhnzjnxzhexqhlfqcwkxukogzanl/Build/Intermediates.noindex/DreamTracker.build/Debug-iphonesimulator/DreamTracker.build/Objects-normal/arm64/DreamTracker_const_extract_protocols.json -Xcc -iquote -Xcc /Users/vishalsingh/Library/Developer/Xcode/DerivedData/DreamTracker-hhnzjnxzhexqhlfqcwkxukogzanl/Build/Intermediates.noindex/DreamTracker.build/Debug-iphonesimulator/DreamTracker.build/DreamTracker-generated-files.hmap -Xcc -I/Users/vishalsingh/Library/Developer/Xcode/DerivedData/DreamTracker-hhnzjnxzhexqhlfqcwkxukogzanl/Build/Intermediates.noindex/DreamTracker.build/Debug-iphonesimulator/DreamTracker.build/DreamTracker-own-target-headers.hmap -Xcc -I/Users/vishalsingh/Library/Developer/Xcode/DerivedData/DreamTracker-hhnzjnxzhexqhlfqcwkxukogzanl/Build/Intermediates.noindex/DreamTracker.build/Debug-iphonesimulator/DreamTracker.build/DreamTracker-all-target-headers.hmap -Xcc -iquote -Xcc /Users/vishalsingh/Library/Developer/Xcode/DerivedData/DreamTracker-hhnzjnxzhexqhlfqcwkxukogzanl/Build/Intermediates.noindex/DreamTracker.build/Debug-iphonesimulator/DreamTracker.build/DreamTracker-project-headers.hmap -Xcc -I/Users/vishalsingh/Library/Developer/Xcode/DerivedData/DreamTracker-hhnzjnxzhexqhlfqcwkxukogzanl/Build/Products/Debug-iphonesimulator/include -Xcc -I/Users/vishalsingh/Library/Developer/Xcode/DerivedData/DreamTracker-hhnzjnxzhexqhlfqcwkxukogzanl/Build/Intermediates.noindex/DreamTracker.build/Debug-iphonesimulator/DreamTracker.build/DerivedSources-normal/arm64 -Xcc -I/Users/vishalsingh/Library/Developer/Xcode/DerivedData/DreamTracker-hhnzjnxzhexqhlfqcwkxukogzanl/Build/Intermediates.noindex/DreamTracker.build/Debug-iphonesimulator/DreamTracker.build/DerivedSources/arm64 -Xcc -I/Users/vishalsingh/Library/Developer/Xcode/DerivedData/DreamTracker-hhnzjnxzhexqhlfqcwkxukogzanl/Build/Intermediates.noindex/DreamTracker.build/Debug-iphonesimulator/DreamTracker.build/DerivedSources -Xcc -DDEBUG\=1 -emit-objc-header -emit-objc-header-path /Users/vishalsingh/Library/Developer/Xcode/DerivedData/DreamTracker-hhnzjnxzhexqhlfqcwkxukogzanl/Build/Intermediates.noindex/DreamTracker.build/Debug-iphonesimulator/DreamTracker.build/Objects-normal/arm64/DreamTracker-Swift.h -working-directory /Users/vishalsingh/teamwork_projects/dream_tracker -experimental-emit-module-separately -disable-cmo

SwiftCompile normal arm64 Compiling\ AppleSignInCoordinator.swift /Users/vishalsingh/teamwork_projects/dream_tracker/DreamTracker/Service/AppleSignInCoordinator.swift (in target 'DreamTracker' from project 'DreamTracker')

SwiftCompile normal arm64 /Users/vishalsingh/teamwork_projects/dream_tracker/DreamTracker/Service/AppleSignInCoordinator.swift (in target 'DreamTracker' from project 'DreamTracker')
    cd /Users/vishalsingh/teamwork_projects/dream_tracker
    

SwiftEmitModule normal arm64 Emitting\ module\ for\ DreamTracker (in target 'DreamTracker' from project 'DreamTracker')

EmitSwiftModule normal arm64 (in target 'DreamTracker' from project 'DreamTracker')
    cd /Users/vishalsingh/teamwork_projects/dream_tracker
    
/Users/vishalsingh/teamwork_projects/dream_tracker/DreamTracker/Service/AuthService.swift:31:51: warning: conformance of 'AuthService' to protocol 'AuthServiceProtocol' crosses into main actor-isolated code and can cause data races; this is an error in the Swift 6 language mode
public final class AuthService: ObservableObject, AuthServiceProtocol {
                                                  ^
/Users/vishalsingh/teamwork_projects/dream_tracker/DreamTracker/Service/AuthService.swift:31:51: note: isolate this conformance to the main actor with '@MainActor'
public final class AuthService: ObservableObject, AuthServiceProtocol {
                                                  ^
                                                  @MainActor 
/Users/vishalsingh/teamwork_projects/dream_tracker/DreamTracker/Service/AuthService.swift:31:20: note: mark all declarations used in the conformance 'nonisolated'
public final class AuthService: ObservableObject, AuthServiceProtocol {
                   ^
/Users/vishalsingh/teamwork_projects/dream_tracker/DreamTracker/Service/AuthService.swift:31:51: note: turn data races into runtime errors with '@preconcurrency'
public final class AuthService: ObservableObject, AuthServiceProtocol {
                                                  ^
                                                  @preconcurrency 
/Users/vishalsingh/teamwork_projects/dream_tracker/DreamTracker/Service/AuthService.swift:32:40: note: main actor-isolated property 'authState' cannot satisfy nonisolated requirement
    @Published public private(set) var authState: AuthState = .unauthenticated
                                       ^
/Users/vishalsingh/teamwork_projects/dream_tracker/DreamTracker/Service/AuthService.swift:34:16: note: main actor-isolated property 'authStatePublisher' cannot satisfy nonisolated requirement
    public var authStatePublisher: AnyPublisher<AuthState, Never> {
               ^
/Users/vishalsingh/teamwork_projects/dream_tracker/DreamTracker/Service/AuthService.swift:86:17: note: main actor-isolated instance method 'logout()' cannot satisfy nonisolated requirement
    public func logout() throws {
                ^

SwiftCompile normal arm64 Compiling\ DreamTrackerApp.swift /Users/vishalsingh/teamwork_projects/dream_tracker/DreamTracker/DreamTrackerApp.swift (in target 'DreamTracker' from project 'DreamTracker')
SwiftCompile normal arm64 /Users/vishalsingh/teamwork_projects/dream_tracker/DreamTracker/DreamTrackerApp.swift (in target 'DreamTracker' from project 'DreamTracker')
    cd /Users/vishalsingh/teamwork_projects/dream_tracker
    

SwiftDriverJobDiscovery normal arm64 Emitting module for DreamTracker (in target 'DreamTracker' from project 'DreamTracker')

SwiftDriver\ Compilation\ Requirements DreamTracker normal arm64 com.apple.xcode.tools.swift.compiler (in target 'DreamTracker' from project 'DreamTracker')
    cd /Users/vishalsingh/teamwork_projects/dream_tracker
    builtin-Swift-Compilation-Requirements -- /Applications/Xcode.app/Contents/Developer/Toolchains/XcodeDefault.xctoolchain/usr/bin/swiftc -module-name DreamTracker -Onone @/Users/vishalsingh/Library/Developer/Xcode/DerivedData/DreamTracker-hhnzjnxzhexqhlfqcwkxukogzanl/Build/Intermediates.noindex/DreamTracker.build/Debug-iphonesimulator/DreamTracker.build/Objects-normal/arm64/DreamTracker.SwiftFileList -DDEBUG -enable-bare-slash-regex -enable-experimental-feature DebugDescriptionMacro -sdk /Applications/Xcode.app/Contents/Developer/Platforms/iPhoneSimulator.platform/Developer/SDKs/iPhoneSimulator26.5.sdk -target arm64-apple-ios16.0-simulator -g -module-cache-path /Users/vishalsingh/Library/Developer/Xcode/DerivedData/ModuleCache.noindex -Xfrontend -serialize-debugging-options -enable-testing -index-store-path /Users/vishalsingh/Library/Developer/Xcode/DerivedData/DreamTracker-hhnzjnxzhexqhlfqcwkxukogzanl/Index.noindex/DataStore -Xcc -D_LIBCPP_HARDENING_MODE\=_LIBCPP_HARDENING_MODE_DEBUG -swift-version 5 -I /Users/vishalsingh/Library/Developer/Xcode/DerivedData/DreamTracker-hhnzjnxzhexqhlfqcwkxukogzanl/Build/Products/Debug-iphonesimulator -F /Users/vishalsingh/Library/Developer/Xcode/DerivedData/DreamTracker-hhnzjnxzhexqhlfqcwkxukogzanl/Build/Products/Debug-iphonesimulator -emit-localized-strings -emit-localized-strings-path /Users/vishalsingh/Library/Developer/Xcode/DerivedData/DreamTracker-hhnzjnxzhexqhlfqcwkxukogzanl/Build/Intermediates.noindex/DreamTracker.build/Debug-iphonesimulator/DreamTracker.build/Objects-normal/arm64 -c -j8 -enable-batch-mode -incremental -Xcc -ivfsstatcache -Xcc /Users/vishalsingh/Library/Developer/Xcode/DerivedData/SDKStatCaches.noindex/iphonesimulator26.5-23F73-6cfe768891a92b912361537c460fe42b.sdkstatcache -output-file-map /Users/vishalsingh/Library/Developer/Xcode/DerivedData/DreamTracker-hhnzjnxzhexqhlfqcwkxukogzanl/Build/Intermediates.noindex/DreamTracker.build/Debug-iphonesimulator/DreamTracker.build/Objects-normal/arm64/DreamTracker-OutputFileMap.json -use-frontend-parseable-output -save-temps -no-color-diagnostics -explicit-module-build -module-cache-path /Users/vishalsingh/Library/Developer/Xcode/DerivedData/DreamTracker-hhnzjnxzhexqhlfqcwkxukogzanl/Build/Intermediates.noindex/SwiftExplicitPrecompiledModules -clang-scanner-module-cache-path /Users/vishalsingh/Library/Developer/Xcode/DerivedData/ModuleCache.noindex -sdk-module-cache-path /Users/vishalsingh/Library/Developer/Xcode/DerivedData/ModuleCache.noindex -serialize-diagnostics -emit-dependencies -emit-module -emit-module-path /Users/vishalsingh/Library/Developer/Xcode/DerivedData/DreamTracker-hhnzjnxzhexqhlfqcwkxukogzanl/Build/Intermediates.noindex/DreamTracker.build/Debug-iphonesimulator/DreamTracker.build/Objects-normal/arm64/DreamTracker.swiftmodule -validate-clang-modules-once -clang-build-session-file /Users/vishalsingh/Library/Developer/Xcode/DerivedData/ModuleCache.noindex/Session.modulevalidation -Xcc -I/Users/vishalsingh/Library/Developer/Xcode/DerivedData/DreamTracker-hhnzjnxzhexqhlfqcwkxukogzanl/Build/Intermediates.noindex/DreamTracker.build/Debug-iphonesimulator/DreamTracker.build/swift-overrides.hmap -emit-const-values -Xfrontend -const-gather-protocols-file -Xfrontend /Users/vishalsingh/Library/Developer/Xcode/DerivedData/DreamTracker-hhnzjnxzhexqhlfqcwkxukogzanl/Build/Intermediates.noindex/DreamTracker.build/Debug-iphonesimulator/DreamTracker.build/Objects-normal/arm64/DreamTracker_const_extract_protocols.json -Xcc -iquote -Xcc /Users/vishalsingh/Library/Developer/Xcode/DerivedData/DreamTracker-hhnzjnxzhexqhlfqcwkxukogzanl/Build/Intermediates.noindex/DreamTracker.build/Debug-iphonesimulator/DreamTracker.build/DreamTracker-generated-files.hmap -Xcc -I/Users/vishalsingh/Library/Developer/Xcode/DerivedData/DreamTracker-hhnzjnxzhexqhlfqcwkxukogzanl/Build/Intermediates.noindex/DreamTracker.build/Debug-iphonesimulator/DreamTracker.build/DreamTracker-own-target-headers.hmap -Xcc -I/Users/vishalsingh/Library/Developer/Xcode/DerivedData/DreamTracker-hhnzjnxzhexqhlfqcwkxukogzanl/Build/Intermediates.noindex/DreamTracker.build/Debug-iphonesimulator/DreamTracker.build/DreamTracker-all-target-headers.hmap -Xcc -iquote -Xcc /Users/vishalsingh/Library/Developer/Xcode/DerivedData/DreamTracker-hhnzjnxzhexqhlfqcwkxukogzanl/Build/Intermediates.noindex/DreamTracker.build/Debug-iphonesimulator/DreamTracker.build/DreamTracker-project-headers.hmap -Xcc -I/Users/vishalsingh/Library/Developer/Xcode/DerivedData/DreamTracker-hhnzjnxzhexqhlfqcwkxukogzanl/Build/Products/Debug-iphonesimulator/include -Xcc -I/Users/vishalsingh/Library/Developer/Xcode/DerivedData/DreamTracker-hhnzjnxzhexqhlfqcwkxukogzanl/Build/Intermediates.noindex/DreamTracker.build/Debug-iphonesimulator/DreamTracker.build/DerivedSources-normal/arm64 -Xcc -I/Users/vishalsingh/Library/Developer/Xcode/DerivedData/DreamTracker-hhnzjnxzhexqhlfqcwkxukogzanl/Build/Intermediates.noindex/DreamTracker.build/Debug-iphonesimulator/DreamTracker.build/DerivedSources/arm64 -Xcc -I/Users/vishalsingh/Library/Developer/Xcode/DerivedData/DreamTracker-hhnzjnxzhexqhlfqcwkxukogzanl/Build/Intermediates.noindex/DreamTracker.build/Debug-iphonesimulator/DreamTracker.build/DerivedSources -Xcc -DDEBUG\=1 -emit-objc-header -emit-objc-header-path /Users/vishalsingh/Library/Developer/Xcode/DerivedData/DreamTracker-hhnzjnxzhexqhlfqcwkxukogzanl/Build/Intermediates.noindex/DreamTracker.build/Debug-iphonesimulator/DreamTracker.build/Objects-normal/arm64/DreamTracker-Swift.h -working-directory /Users/vishalsingh/teamwork_projects/dream_tracker -experimental-emit-module-separately -disable-cmo

Copy /Users/vishalsingh/Library/Developer/Xcode/DerivedData/DreamTracker-hhnzjnxzhexqhlfqcwkxukogzanl/Build/Products/Debug-iphonesimulator/DreamTracker.swiftmodule/arm64-apple-ios-simulator.abi.json /Users/vishalsingh/Library/Developer/Xcode/DerivedData/DreamTracker-hhnzjnxzhexqhlfqcwkxukogzanl/Build/Intermediates.noindex/DreamTracker.build/Debug-iphonesimulator/DreamTracker.build/Objects-normal/arm64/DreamTracker.abi.json (in target 'DreamTracker' from project 'DreamTracker')
    cd /Users/vishalsingh/teamwork_projects/dream_tracker
    builtin-copy -exclude .DS_Store -exclude CVS -exclude .svn -exclude .git -exclude .hg -resolve-src-symlinks -rename /Users/vishalsingh/Library/Developer/Xcode/DerivedData/DreamTracker-hhnzjnxzhexqhlfqcwkxukogzanl/Build/Intermediates.noindex/DreamTracker.build/Debug-iphonesimulator/DreamTracker.build/Objects-normal/arm64/DreamTracker.abi.json /Users/vishalsingh/Library/Developer/Xcode/DerivedData/DreamTracker-hhnzjnxzhexqhlfqcwkxukogzanl/Build/Products/Debug-iphonesimulator/DreamTracker.swiftmodule/arm64-apple-ios-simulator.abi.json

SwiftDriver DreamTrackerTests normal arm64 com.apple.xcode.tools.swift.compiler (in target 'DreamTrackerTests' from project 'DreamTracker')
    cd /Users/vishalsingh/teamwork_projects/dream_tracker
    builtin-SwiftDriver -- /Applications/Xcode.app/Contents/Developer/Toolchains/XcodeDefault.xctoolchain/usr/bin/swiftc -module-name DreamTrackerTests -Onone @/Users/vishalsingh/Library/Developer/Xcode/DerivedData/DreamTracker-hhnzjnxzhexqhlfqcwkxukogzanl/Build/Intermediates.noindex/DreamTracker.build/Debug-iphonesimulator/DreamTrackerTests.build/Objects-normal/arm64/DreamTrackerTests.SwiftFileList -DDEBUG -plugin-path /Applications/Xcode.app/Contents/Developer/Toolchains/XcodeDefault.xctoolchain/usr/lib/swift/host/plugins/testing -enable-bare-slash-regex -enable-experimental-feature DebugDescriptionMacro -sdk /Applications/Xcode.app/Contents/Developer/Platforms/iPhoneSimulator.platform/Developer/SDKs/iPhoneSimulator26.5.sdk -target arm64-apple-ios16.0-simulator -g -module-cache-path /Users/vishalsingh/Library/Developer/Xcode/DerivedData/ModuleCache.noindex -Xfrontend -serialize-debugging-options -enable-testing -index-store-path /Users/vishalsingh/Library/Developer/Xcode/DerivedData/DreamTracker-hhnzjnxzhexqhlfqcwkxukogzanl/Index.noindex/DataStore -Xcc -D_LIBCPP_HARDENING_MODE\=_LIBCPP_HARDENING_MODE_DEBUG -swift-version 5 -I /Users/vishalsingh/Library/Developer/Xcode/DerivedData/DreamTracker-hhnzjnxzhexqhlfqcwkxukogzanl/Build/Products/Debug-iphonesimulator -Isystem /Applications/Xcode.app/Contents/Developer/Platforms/iPhoneSimulator.platform/Developer/usr/lib -F /Users/vishalsingh/Library/Developer/Xcode/DerivedData/DreamTracker-hhnzjnxzhexqhlfqcwkxukogzanl/Build/Products/Debug-iphonesimulator -F /Applications/Xcode.app/Contents/Developer/Platforms/iPhoneSimulator.platform/Developer/Library/Frameworks -F /Applications/Xcode.app/Contents/Developer/Platforms/iPhoneSimulator.platform/Developer/SDKs/iPhoneSimulator26.5.sdk/Developer/Library/Frameworks -c -j8 -enable-batch-mode -incremental -Xcc -ivfsstatcache -Xcc /Users/vishalsingh/Library/Developer/Xcode/DerivedData/SDKStatCaches.noindex/iphonesimulator26.5-23F73-6cfe768891a92b912361537c460fe42b.sdkstatcache -output-file-map /Users/vishalsingh/Library/Developer/Xcode/DerivedData/DreamTracker-hhnzjnxzhexqhlfqcwkxukogzanl/Build/Intermediates.noindex/DreamTracker.build/Debug-iphonesimulator/DreamTrackerTests.build/Objects-normal/arm64/DreamTrackerTests-OutputFileMap.json -use-frontend-parseable-output -save-temps -no-color-diagnostics -explicit-module-build -module-cache-path /Users/vishalsingh/Library/Developer/Xcode/DerivedData/DreamTracker-hhnzjnxzhexqhlfqcwkxukogzanl/Build/Intermediates.noindex/SwiftExplicitPrecompiledModules -clang-scanner-module-cache-path /Users/vishalsingh/Library/Developer/Xcode/DerivedData/ModuleCache.noindex -sdk-module-cache-path /Users/vishalsingh/Library/Developer/Xcode/DerivedData/ModuleCache.noindex -serialize-diagnostics -emit-dependencies -emit-module -emit-module-path /Users/vishalsingh/Library/Developer/Xcode/DerivedData/DreamTracker-hhnzjnxzhexqhlfqcwkxukogzanl/Build/Intermediates.noindex/DreamTracker.build/Debug-iphonesimulator/DreamTrackerTests.build/Objects-normal/arm64/DreamTrackerTests.swiftmodule -validate-clang-modules-once -clang-build-session-file /Users/vishalsingh/Library/Developer/Xcode/DerivedData/ModuleCache.noindex/Session.modulevalidation -Xcc -I/Users/vishalsingh/Library/Developer/Xcode/DerivedData/DreamTracker-hhnzjnxzhexqhlfqcwkxukogzanl/Build/Intermediates.noindex/DreamTracker.build/Debug-iphonesimulator/DreamTrackerTests.build/swift-overrides.hmap -emit-const-values -Xfrontend -const-gather-protocols-file -Xfrontend /Users/vishalsingh/Library/Developer/Xcode/DerivedData/DreamTracker-hhnzjnxzhexqhlfqcwkxukogzanl/Build/Intermediates.noindex/DreamTracker.build/Debug-iphonesimulator/DreamTrackerTests.build/Objects-normal/arm64/DreamTrackerTests_const_extract_protocols.json -Xcc -iquote -Xcc /Users/vishalsingh/Library/Developer/Xcode/DerivedData/DreamTracker-hhnzjnxzhexqhlfqcwkxukogzanl/Build/Intermediates.noindex/DreamTracker.build/Debug-iphonesimulator/DreamTrackerTests.build/DreamTrackerTests-generated-files.hmap -Xcc -I/Users/vishalsingh/Library/Developer/Xcode/DerivedData/DreamTracker-hhnzjnxzhexqhlfqcwkxukogzanl/Build/Intermediates.noindex/DreamTracker.build/Debug-iphonesimulator/DreamTrackerTests.build/DreamTrackerTests-own-target-headers.hmap -Xcc -I/Users/vishalsingh/Library/Developer/Xcode/DerivedData/DreamTracker-hhnzjnxzhexqhlfqcwkxukogzanl/Build/Intermediates.noindex/DreamTracker.build/Debug-iphonesimulator/DreamTrackerTests.build/DreamTrackerTests-all-target-headers.hmap -Xcc -iquote -Xcc /Users/vishalsingh/Library/Developer/Xcode/DerivedData/DreamTracker-hhnzjnxzhexqhlfqcwkxukogzanl/Build/Intermediates.noindex/DreamTracker.build/Debug-iphonesimulator/DreamTrackerTests.build/DreamTrackerTests-project-headers.hmap -Xcc -I/Users/vishalsingh/Library/Developer/Xcode/DerivedData/DreamTracker-hhnzjnxzhexqhlfqcwkxukogzanl/Build/Products/Debug-iphonesimulator/include -Xcc -I/Users/vishalsingh/Library/Developer/Xcode/DerivedData/DreamTracker-hhnzjnxzhexqhlfqcwkxukogzanl/Build/Intermediates.noindex/DreamTracker.build/Debug-iphonesimulator/DreamTrackerTests.build/DerivedSources-normal/arm64 -Xcc -I/Users/vishalsingh/Library/Developer/Xcode/DerivedData/DreamTracker-hhnzjnxzhexqhlfqcwkxukogzanl/Build/Intermediates.noindex/DreamTracker.build/Debug-iphonesimulator/DreamTrackerTests.build/DerivedSources/arm64 -Xcc -I/Users/vishalsingh/Library/Developer/Xcode/DerivedData/DreamTracker-hhnzjnxzhexqhlfqcwkxukogzanl/Build/Intermediates.noindex/DreamTracker.build/Debug-iphonesimulator/DreamTrackerTests.build/DerivedSources -Xcc -DDEBUG\=1 -emit-objc-header -emit-objc-header-path /Users/vishalsingh/Library/Developer/Xcode/DerivedData/DreamTracker-hhnzjnxzhexqhlfqcwkxukogzanl/Build/Intermediates.noindex/DreamTracker.build/Debug-iphonesimulator/DreamTrackerTests.build/Objects-normal/arm64/DreamTrackerTests-Swift.h -working-directory /Users/vishalsingh/teamwork_projects/dream_tracker -experimental-emit-module-separately -disable-cmo

SwiftCompile normal arm64 Compiling\ AuthServiceTests.swift /Users/vishalsingh/teamwork_projects/dream_tracker/DreamTrackerTests/AuthServiceTests.swift (in target 'DreamTrackerTests' from project 'DreamTracker')

SwiftCompile normal arm64 /Users/vishalsingh/teamwork_projects/dream_tracker/DreamTrackerTests/AuthServiceTests.swift (in target 'DreamTrackerTests' from project 'DreamTracker')
    cd /Users/vishalsingh/teamwork_projects/dream_tracker
    

SwiftCompile normal arm64 Compiling\ APIClientTests.swift /Users/vishalsingh/teamwork_projects/dream_tracker/DreamTrackerTests/APIClientTests.swift (in target 'DreamTrackerTests' from project 'DreamTracker')

SwiftCompile normal arm64 /Users/vishalsingh/teamwork_projects/dream_tracker/DreamTrackerTests/APIClientTests.swift (in target 'DreamTrackerTests' from project 'DreamTracker')
    cd /Users/vishalsingh/teamwork_projects/dream_tracker
    

SwiftCompile normal arm64 Compiling\ KeychainManagerTests.swift /Users/vishalsingh/teamwork_projects/dream_tracker/DreamTrackerTests/KeychainManagerTests.swift (in target 'DreamTrackerTests' from project 'DreamTracker')

SwiftCompile normal arm64 /Users/vishalsingh/teamwork_projects/dream_tracker/DreamTrackerTests/KeychainManagerTests.swift (in target 'DreamTrackerTests' from project 'DreamTracker')
    cd /Users/vishalsingh/teamwork_projects/dream_tracker
    

SwiftCompile normal arm64 Compiling\ SecureStoreTests.swift /Users/vishalsingh/teamwork_projects/dream_tracker/DreamTrackerTests/SecureStoreTests.swift (in target 'DreamTrackerTests' from project 'DreamTracker')

SwiftCompile normal arm64 /Users/vishalsingh/teamwork_projects/dream_tracker/DreamTrackerTests/SecureStoreTests.swift (in target 'DreamTrackerTests' from project 'DreamTracker')
    cd /Users/vishalsingh/teamwork_projects/dream_tracker
    

SwiftEmitModule normal arm64 Emitting\ module\ for\ DreamTrackerTests (in target 'DreamTrackerTests' from project 'DreamTracker')
Failed frontend command:
/Applications/Xcode.app/Contents/Developer/Toolchains/XcodeDefault.xctoolchain/usr/bin/swift-frontend -frontend -emit-module -experimental-skip-non-inlinable-function-bodies-without-types /Users/vishalsingh/teamwork_projects/dream_tracker/DreamTrackerTests/PinnedSessionDelegateTests.swift /Users/vishalsingh/teamwork_projects/dream_tracker/DreamTrackerTests/AuthServiceTests.swift /Users/vishalsingh/teamwork_projects/dream_tracker/DreamTrackerTests/APIClientTests.swift /Users/vishalsingh/teamwork_projects/dream_tracker/DreamTrackerTests/KeychainManagerTests.swift /Users/vishalsingh/teamwork_projects/dream_tracker/DreamTrackerTests/SecureStoreTests.swift /Users/vishalsingh/teamwork_projects/dream_tracker/DreamTrackerTests/BiometricAuthenticatorTests.swift -target arm64-apple-ios16.0-simulator -load-resolved-plugin /Applications/Xcode.app/Contents/Developer/Platforms/iPhoneOS.platform/Developer/usr/lib/swift/host/plugins/libFoundationMacros.dylib\#/Applications/Xcode.app/Contents/Developer/Platforms/iPhoneOS.platform/Developer/usr/bin/swift-plugin-server\#FoundationMacros -load-resolved-plugin /Applications/Xcode.app/Contents/Developer/Platforms/iPhoneOS.platform/Developer/usr/lib/swift/host/plugins/libObservationMacros.dylib\#/Applications/Xcode.app/Contents/Developer/Platforms/iPhoneOS.platform/Developer/usr/bin/swift-plugin-server\#ObservationMacros -load-resolved-plugin /Applications/Xcode.app/Contents/Developer/Platforms/iPhoneOS.platform/Developer/usr/lib/swift/host/plugins/libPreviewsMacros.dylib\#/Applications/Xcode.app/Contents/Developer/Platforms/iPhoneOS.platform/Developer/usr/bin/swift-plugin-server\#PreviewsMacros -load-resolved-plugin /Applications/Xcode.app/Contents/Developer/Platforms/iPhoneOS.platform/Developer/usr/lib/swift/host/plugins/libSwiftMacros.dylib\#/Applications/Xcode.app/Contents/Developer/Platforms/iPhoneOS.platform/Developer/usr/bin/swift-plugin-server\#SwiftMacros -load-resolved-plugin /Applications/Xcode.app/Contents/Developer/Platforms/iPhoneOS.platform/Developer/usr/lib/swift/host/plugins/libSwiftUIMacros.dylib\#/Applications/Xcode.app/Contents/Developer/Platforms/iPhoneOS.platform/Developer/usr/bin/swift-plugin-server\#SwiftUIMacros -disable-implicit-swift-modules -Xcc -fno-implicit-modules -Xcc -fno-implicit-module-maps -explicit-swift-module-map-file /Users/vishalsingh/Library/Developer/Xcode/DerivedData/DreamTracker-hhnzjnxzhexqhlfqcwkxukogzanl/Build/Intermediates.noindex/DreamTracker.build/Debug-iphonesimulator/DreamTrackerTests.build/Objects-normal/arm64/DreamTrackerTests-dependencies-1.json -Xllvm -aarch64-use-tbi -enable-objc-interop -sdk /Applications/Xcode.app/Contents/Developer/Platforms/iPhoneSimulator.platform/Developer/SDKs/iPhoneSimulator26.5.sdk -I /Users/vishalsingh/Library/Developer/Xcode/DerivedData/DreamTracker-hhnzjnxzhexqhlfqcwkxukogzanl/Build/Products/Debug-iphonesimulator -Isystem /Applications/Xcode.app/Contents/Developer/Platforms/iPhoneSimulator.platform/Developer/usr/lib -F /Users/vishalsingh/Library/Developer/Xcode/DerivedData/DreamTracker-hhnzjnxzhexqhlfqcwkxukogzanl/Build/Products/Debug-iphonesimulator -F /Applications/Xcode.app/Contents/Developer/Platforms/iPhoneSimulator.platform/Developer/Library/Frameworks -F /Applications/Xcode.app/Contents/Developer/Platforms/iPhoneSimulator.platform/Developer/SDKs/iPhoneSimulator26.5.sdk/Developer/Library/Frameworks -no-color-diagnostics -Xcc -fno-color-diagnostics -enable-testing -g -debug-info-format\=dwarf -dwarf-version\=4 -module-cache-path /Users/vishalsingh/Library/Developer/Xcode/DerivedData/DreamTracker-hhnzjnxzhexqhlfqcwkxukogzanl/Build/Intermediates.noindex/SwiftExplicitPrecompiledModules -swift-version 5 -Onone -D DEBUG -serialize-debugging-options -const-gather-protocols-file /Users/vishalsingh/Library/Developer/Xcode/DerivedData/DreamTracker-hhnzjnxzhexqhlfqcwkxukogzanl/Build/Intermediates.noindex/DreamTracker.build/Debug-iphonesimulator/DreamTrackerTests.build/Objects-normal/arm64/DreamTrackerTests_const_extract_protocols.json -enable-experimental-feature DebugDescriptionMacro -enable-bare-slash-regex -empty-abi-descriptor -validate-clang-modules-once -clang-build-session-file /Users/vishalsingh/Library/Developer/Xcode/DerivedData/ModuleCache.noindex/Session.modulevalidation -Xcc -working-directory -Xcc /Users/vishalsingh/teamwork_projects/dream_tracker -enable-anonymous-context-mangled-names -file-compilation-dir /Users/vishalsingh/teamwork_projects/dream_tracker -Xcc -D_LIBCPP_HARDENING_MODE\=_LIBCPP_HARDENING_MODE_DEBUG -Xcc -ivfsstatcache -Xcc /Users/vishalsingh/Library/Developer/Xcode/DerivedData/SDKStatCaches.noindex/iphonesimulator26.5-23F73-6cfe768891a92b912361537c460fe42b.sdkstatcache -Xcc -I/Users/vishalsingh/Library/Developer/Xcode/DerivedData/DreamTracker-hhnzjnxzhexqhlfqcwkxukogzanl/Build/Intermediates.noindex/DreamTracker.build/Debug-iphonesimulator/DreamTrackerTests.build/swift-overrides.hmap -Xcc -iquote -Xcc /Users/vishalsingh/Library/Developer/Xcode/DerivedData/DreamTracker-hhnzjnxzhexqhlfqcwkxukogzanl/Build/Intermediates.noindex/DreamTracker.build/Debug-iphonesimulator/DreamTrackerTests.build/DreamTrackerTests-generated-files.hmap -Xcc -I/Users/vishalsingh/Library/Developer/Xcode/DerivedData/DreamTracker-hhnzjnxzhexqhlfqcwkxukogzanl/Build/Intermediates.noindex/DreamTracker.build/Debug-iphonesimulator/DreamTrackerTests.build/DreamTrackerTests-own-target-headers.hmap -Xcc -I/Users/vishalsingh/Library/Developer/Xcode/DerivedData/DreamTracker-hhnzjnxzhexqhlfqcwkxukogzanl/Build/Intermediates.noindex/DreamTracker.build/Debug-iphonesimulator/DreamTrackerTests.build/DreamTrackerTests-all-target-headers.hmap -Xcc -iquote -Xcc /Users/vishalsingh/Library/Developer/Xcode/DerivedData/DreamTracker-hhnzjnxzhexqhlfqcwkxukogzanl/Build/Intermediates.noindex/DreamTracker.build/Debug-iphonesimulator/DreamTrackerTests.build/DreamTrackerTests-project-headers.hmap -Xcc -I/Users/vishalsingh/Library/Developer/Xcode/DerivedData/DreamTracker-hhnzjnxzhexqhlfqcwkxukogzanl/Build/Products/Debug-iphonesimulator/include -Xcc -I/Users/vishalsingh/Library/Developer/Xcode/DerivedData/DreamTracker-hhnzjnxzhexqhlfqcwkxukogzanl/Build/Intermediates.noindex/DreamTracker.build/Debug-iphonesimulator/DreamTrackerTests.build/DerivedSources-normal/arm64 -Xcc -I/Users/vishalsingh/Library/Developer/Xcode/DerivedData/DreamTracker-hhnzjnxzhexqhlfqcwkxukogzanl/Build/Intermediates.noindex/DreamTracker.build/Debug-iphonesimulator/DreamTrackerTests.build/DerivedSources/arm64 -Xcc -I/Users/vishalsingh/Library/Developer/Xcode/DerivedData/DreamTracker-hhnzjnxzhexqhlfqcwkxukogzanl/Build/Intermediates.noindex/DreamTracker.build/Debug-iphonesimulator/DreamTrackerTests.build/DerivedSources -Xcc -DDEBUG\=1 -no-auto-bridging-header-chaining -module-name DreamTrackerTests -frontend-parseable-output -disable-clang-spi -clang-target arm64-apple-ios26.5-simulator -target-sdk-version 26.5 -target-sdk-name iphonesimulator26.5 -in-process-plugin-server-path /Applications/Xcode.app/Contents/Developer/Toolchains/XcodeDefault.xctoolchain/usr/lib/swift/host/libSwiftInProcPluginServer.dylib -emit-module-doc-path /Users/vishalsingh/Library/Developer/Xcode/DerivedData/DreamTracker-hhnzjnxzhexqhlfqcwkxukogzanl/Build/Intermediates.noindex/DreamTracker.build/Debug-iphonesimulator/DreamTrackerTests.build/Objects-normal/arm64/DreamTrackerTests.swiftdoc -emit-module-source-info-path /Users/vishalsingh/Library/Developer/Xcode/DerivedData/DreamTracker-hhnzjnxzhexqhlfqcwkxukogzanl/Build/Intermediates.noindex/DreamTracker.build/Debug-iphonesimulator/DreamTrackerTests.build/Objects-normal/arm64/DreamTrackerTests.swiftsourceinfo -emit-objc-header-path /Users/vishalsingh/Library/Developer/Xcode/DerivedData/DreamTracker-hhnzjnxzhexqhlfqcwkxukogzanl/Build/Intermediates.noindex/DreamTracker.build/Debug-iphonesimulator/DreamTrackerTests.build/Objects-normal/arm64/DreamTrackerTests-Swift.h -serialize-diagnostics-path /Users/vishalsingh/Library/Developer/Xcode/DerivedData/DreamTracker-hhnzjnxzhexqhlfqcwkxukogzanl/Build/Intermediates.noindex/DreamTracker.build/Debug-iphonesimulator/DreamTrackerTests.build/Objects-normal/arm64/DreamTrackerTests-primary-emit-module.dia -emit-dependencies-path /Users/vishalsingh/Library/Developer/Xcode/DerivedData/DreamTracker-hhnzjnxzhexqhlfqcwkxukogzanl/Build/Intermediates.noindex/DreamTracker.build/Debug-iphonesimulator/DreamTrackerTests.build/Objects-normal/arm64/DreamTrackerTests-primary-emit-module.d -o /Users/vishalsingh/Library/Developer/Xcode/DerivedData/DreamTracker-hhnzjnxzhexqhlfqcwkxukogzanl/Build/Intermediates.noindex/DreamTracker.build/Debug-iphonesimulator/DreamTrackerTests.build/Objects-normal/arm64/DreamTrackerTests.swiftmodule -emit-abi-descriptor-path /Users/vishalsingh/Library/Developer/Xcode/DerivedData/DreamTracker-hhnzjnxzhexqhlfqcwkxukogzanl/Build/Intermediates.noindex/DreamTracker.build/Debug-iphonesimulator/DreamTrackerTests.build/Objects-normal/arm64/DreamTrackerTests.abi.json

EmitSwiftModule normal arm64 (in target 'DreamTrackerTests' from project 'DreamTracker')
    cd /Users/vishalsingh/teamwork_projects/dream_tracker
    
/Users/vishalsingh/teamwork_projects/dream_tracker/DreamTrackerTests/APIClientTests.swift:203:17: warning: no calls to throwing functions occur within 'try' expression
                try? Thread.sleep(forTimeInterval: 0.1)
                ^
/Users/vishalsingh/teamwork_projects/dream_tracker/DreamTrackerTests/APIClientTests.swift:257:32: error: 'session' is inaccessible due to 'private' protection level
            session: apiClient.session
                               ^~~~~~~
DreamTracker.APIClient.session:2:13: note: 'session' declared here
private let session: URLSession}
            ^

SwiftCompile normal arm64 Compiling\ PinnedSessionDelegateTests.swift /Users/vishalsingh/teamwork_projects/dream_tracker/DreamTrackerTests/PinnedSessionDelegateTests.swift (in target 'DreamTrackerTests' from project 'DreamTracker')

SwiftCompile normal arm64 /Users/vishalsingh/teamwork_projects/dream_tracker/DreamTrackerTests/PinnedSessionDelegateTests.swift (in target 'DreamTrackerTests' from project 'DreamTracker')
    cd /Users/vishalsingh/teamwork_projects/dream_tracker
    

SwiftCompile normal arm64 Compiling\ BiometricAuthenticatorTests.swift /Users/vishalsingh/teamwork_projects/dream_tracker/DreamTrackerTests/BiometricAuthenticatorTests.swift (in target 'DreamTrackerTests' from project 'DreamTracker')

** TEST BUILD FAILED **


The following build commands failed:
	SwiftEmitModule normal arm64 Emitting\ module\ for\ DreamTrackerTests (in target 'DreamTrackerTests' from project 'DreamTracker')
	EmitSwiftModule normal arm64 (in target 'DreamTrackerTests' from project 'DreamTracker')
	Building project DreamTracker for testing with scheme DreamTracker
(3 failures)
